
Memory Configuration

Name             Origin             Length             Attributes
*default*        0x0000000000000000 0xffffffffffffffff

Linker script and memory map

                0x0000000000022000                . = 0x22000
                0x0000000000022000                _text_boot = .

.text.boot      0x0000000000022000       0x3c
 *(.text.boot)
 .text.boot     0x0000000000022000       0x3c build/benos/boot_s.o
                0x0000000000022000                _start
                0x000000000002203c                _etext_boot = .
                0x000000000002203c                _text = .

.text           0x0000000000022040     0x2e7c
 *(.text)
 .text          0x0000000000022040      0x7c4 build/benos/kernel_c.o
                0x0000000000022438                inline_asm_test
                0x00000000000224ec                asm_test
                0x000000000002279c                kernel_main
 .text          0x0000000000022804      0x298 build/benos/memset_c.o
                0x0000000000022a50                memset
 .text          0x0000000000022a9c      0xe68 build/benos/printk_c.o
                0x0000000000022f40                myprintf
                0x00000000000236e8                init_printk_done
                0x0000000000023784                printk
 .text          0x0000000000023904       0xc0 build/benos/string_c.o
                0x0000000000023904                strlen
                0x0000000000023954                memcpy
 .text          0x00000000000239c4      0x7b0 build/benos/sys-clock_c.o
                0x0000000000023a24                sdelay
                0x00000000000240f0                sys_clock_init
 .text          0x0000000000024174      0xa40 build/benos/sys-uart_c.o
                0x0000000000024200                uart_init
                0x000000000002444c                uart_send
                0x00000000000244bc                putchar
                0x00000000000244fc                uart_recv
                0x000000000002455c                uart_send_string
                0x0000000000024a78                sys_uart_printf
                0x0000000000024ae4                print_hex
 *fill*         0x0000000000024bb4        0x4 
 .text          0x0000000000024bb8      0x207 build/benos/asm_test_s.o
                0x0000000000024bb8                my_test_data
                0x0000000000024bc0                load_store_test
                0x0000000000024bf4                shift_test
                0x0000000000024c3c                add_sub_test
                0x0000000000024c80                add_test
                0x0000000000024c8c                branch_test
                0x0000000000024cb0                my_memcpy_test
                0x0000000000024cd4                compare_and_return
                0x0000000000024cec                sel_test
                0x0000000000024d04                bl_test
                0x0000000000024d20                func_addr
                0x0000000000024d38                func_string
                0x0000000000024d50                func_num_syms
                0x0000000000024d58                op_1
                0x0000000000024d60                op_2
                0x0000000000024d68                macro_test_1
                0x0000000000024d90                macro_test_2
 *fill*         0x0000000000024dbf        0x1 
 .text          0x0000000000024dc0        0x0 build/benos/boot_s.o
 .text          0x0000000000024dc0       0xe4 build/benos/early_printk_s.o
                0x0000000000024dc0                __init_uart
                0x0000000000024e68                put_uart
                0x0000000000024e80                put_string_uart
 .text          0x0000000000024ea4       0x18 build/benos/memset_s.o
                0x0000000000024ea4                __memset_16bytes_asm
                0x0000000000024ebc                _etext = .
                0x0000000000024ebc                _rodata = .

.rodata         0x0000000000024ec0      0x39b
 *(.rodata)
 .rodata        0x0000000000024ec0      0x266 build/benos/kernel_c.o
 *fill*         0x0000000000025126        0x2 
 .rodata        0x0000000000025128      0x120 build/benos/printk_c.o
 .rodata        0x0000000000025248       0x13 build/benos/boot_s.o
                0x0000000000025248                boot_string
                0x000000000002525b                _erodata = .
                0x000000000002525b                _data = .

.rela.dyn       0x0000000000025260        0x0
 .rela.text     0x0000000000025260        0x0 build/benos/kernel_c.o

.data           0x0000000000026000     0x1000
 *(.data)
 .data          0x0000000000026000        0x0 build/benos/kernel_c.o
 .data          0x0000000000026000        0x0 build/benos/memset_c.o
 .data          0x0000000000026000        0x0 build/benos/printk_c.o
 .data          0x0000000000026000        0x0 build/benos/string_c.o
 .data          0x0000000000026000        0x0 build/benos/sys-clock_c.o
 .data          0x0000000000026000        0x0 build/benos/sys-uart_c.o
 .data          0x0000000000026000        0x0 build/benos/asm_test_s.o
 .data          0x0000000000026000     0x1000 build/benos/boot_s.o
                0x0000000000026000                stacks_start
 .data          0x0000000000027000        0x0 build/benos/early_printk_s.o
 .data          0x0000000000027000        0x0 build/benos/memset_s.o
                0x0000000000027000                _edata = .

.sdata          0x0000000000027000        0x8
 .sdata         0x0000000000027000        0x8 build/benos/printk_c.o
                0x0000000000027008                . = ALIGN (0x8)
                0x0000000000027008                _bss = .

.bss            0x0000000000027008      0x210
 *(.bss*)
 .bss           0x0000000000027008        0x0 build/benos/kernel_c.o
 .bss           0x0000000000027008        0x0 build/benos/memset_c.o
 .bss           0x0000000000027008      0x210 build/benos/printk_c.o
 .bss           0x0000000000027218        0x0 build/benos/string_c.o
 .bss           0x0000000000027218        0x0 build/benos/sys-clock_c.o
 .bss           0x0000000000027218        0x0 build/benos/sys-uart_c.o
 .bss           0x0000000000027218        0x0 build/benos/asm_test_s.o
 .bss           0x0000000000027218        0x0 build/benos/boot_s.o
 .bss           0x0000000000027218        0x0 build/benos/early_printk_s.o
 .bss           0x0000000000027218        0x0 build/benos/memset_s.o
                0x0000000000027218                _ebss = .
LOAD build/benos/kernel_c.o
LOAD build/benos/memset_c.o
LOAD build/benos/printk_c.o
LOAD build/benos/string_c.o
LOAD build/benos/sys-clock_c.o
LOAD build/benos/sys-uart_c.o
LOAD build/benos/asm_test_s.o
LOAD build/benos/boot_s.o
LOAD build/benos/early_printk_s.o
LOAD build/benos/memset_s.o
OUTPUT(build/benos/benos.elf elf64-littleriscv)

.debug_info     0x0000000000000000     0x14fa
 .debug_info    0x0000000000000000      0x541 build/benos/kernel_c.o
 .debug_info    0x0000000000000541      0x24b build/benos/memset_c.o
 .debug_info    0x000000000000078c      0x456 build/benos/printk_c.o
 .debug_info    0x0000000000000be2      0x108 build/benos/string_c.o
 .debug_info    0x0000000000000cea      0x25f build/benos/sys-clock_c.o
 .debug_info    0x0000000000000f49      0x4f9 build/benos/sys-uart_c.o
 .debug_info    0x0000000000001442       0x2e build/benos/asm_test_s.o
 .debug_info    0x0000000000001470       0x2e build/benos/boot_s.o
 .debug_info    0x000000000000149e       0x2e build/benos/early_printk_s.o
 .debug_info    0x00000000000014cc       0x2e build/benos/memset_s.o

.debug_abbrev   0x0000000000000000      0x773
 .debug_abbrev  0x0000000000000000      0x183 build/benos/kernel_c.o
 .debug_abbrev  0x0000000000000183       0xfb build/benos/memset_c.o
 .debug_abbrev  0x000000000000027e      0x179 build/benos/printk_c.o
 .debug_abbrev  0x00000000000003f7       0xb7 build/benos/string_c.o
 .debug_abbrev  0x00000000000004ae      0x108 build/benos/sys-clock_c.o
 .debug_abbrev  0x00000000000005b6      0x16d build/benos/sys-uart_c.o
 .debug_abbrev  0x0000000000000723       0x14 build/benos/asm_test_s.o
 .debug_abbrev  0x0000000000000737       0x14 build/benos/boot_s.o
 .debug_abbrev  0x000000000000074b       0x14 build/benos/early_printk_s.o
 .debug_abbrev  0x000000000000075f       0x14 build/benos/memset_s.o

.debug_aranges  0x0000000000000000      0x1e0
 .debug_aranges
                0x0000000000000000       0x30 build/benos/kernel_c.o
 .debug_aranges
                0x0000000000000030       0x30 build/benos/memset_c.o
 .debug_aranges
                0x0000000000000060       0x30 build/benos/printk_c.o
 .debug_aranges
                0x0000000000000090       0x30 build/benos/string_c.o
 .debug_aranges
                0x00000000000000c0       0x30 build/benos/sys-clock_c.o
 .debug_aranges
                0x00000000000000f0       0x30 build/benos/sys-uart_c.o
 .debug_aranges
                0x0000000000000120       0x30 build/benos/asm_test_s.o
 .debug_aranges
                0x0000000000000150       0x30 build/benos/boot_s.o
 .debug_aranges
                0x0000000000000180       0x30 build/benos/early_printk_s.o
 .debug_aranges
                0x00000000000001b0       0x30 build/benos/memset_s.o

.debug_line     0x0000000000000000     0x234f
 .debug_line    0x0000000000000000      0x48c build/benos/kernel_c.o
 .debug_line    0x000000000000048c      0x1e8 build/benos/memset_c.o
 .debug_line    0x0000000000000674      0xb7b build/benos/printk_c.o
 .debug_line    0x00000000000011ef       0xe3 build/benos/string_c.o
 .debug_line    0x00000000000012d2      0x473 build/benos/sys-clock_c.o
 .debug_line    0x0000000000001745      0x740 build/benos/sys-uart_c.o
 .debug_line    0x0000000000001e85      0x275 build/benos/asm_test_s.o
 .debug_line    0x00000000000020fa       0x7f build/benos/boot_s.o
 .debug_line    0x0000000000002179      0x179 build/benos/early_printk_s.o
 .debug_line    0x00000000000022f2       0x5d build/benos/memset_s.o

.debug_str      0x0000000000000000      0x5a5
 .debug_str     0x0000000000000000      0x25f build/benos/kernel_c.o
                                        0x2b7 (size before relaxing)
 .debug_str     0x000000000000025f       0x62 build/benos/memset_c.o
                                        0x1b3 (size before relaxing)
 .debug_str     0x00000000000002c1       0xfb build/benos/printk_c.o
                                        0x269 (size before relaxing)
 .debug_str     0x00000000000003bc       0x20 build/benos/string_c.o
                                        0x100 (size before relaxing)
 .debug_str     0x00000000000003dc       0xa6 build/benos/sys-clock_c.o
                                        0x1e6 (size before relaxing)
 .debug_str     0x0000000000000482       0x8e build/benos/sys-uart_c.o
                                        0x225 (size before relaxing)
 .debug_str     0x0000000000000510       0x6a build/benos/asm_test_s.o
 .debug_str     0x000000000000057a        0xb build/benos/boot_s.o
                                         0x66 (size before relaxing)
 .debug_str     0x0000000000000585       0x13 build/benos/early_printk_s.o
                                         0x6e (size before relaxing)
 .debug_str     0x0000000000000598        0xd build/benos/memset_s.o
                                         0x68 (size before relaxing)

.comment        0x0000000000000000       0x45
 .comment       0x0000000000000000       0x45 build/benos/kernel_c.o
                                         0x46 (size before relaxing)
 .comment       0x0000000000000045       0x46 build/benos/memset_c.o
 .comment       0x0000000000000045       0x46 build/benos/printk_c.o
 .comment       0x0000000000000045       0x46 build/benos/string_c.o
 .comment       0x0000000000000045       0x46 build/benos/sys-clock_c.o
 .comment       0x0000000000000045       0x46 build/benos/sys-uart_c.o

.riscv.attributes
                0x0000000000000000       0x34
 .riscv.attributes
                0x0000000000000000       0x34 build/benos/kernel_c.o
 .riscv.attributes
                0x0000000000000034       0x30 build/benos/memset_c.o
 .riscv.attributes
                0x0000000000000064       0x30 build/benos/printk_c.o
 .riscv.attributes
                0x0000000000000094       0x30 build/benos/string_c.o
 .riscv.attributes
                0x00000000000000c4       0x30 build/benos/sys-clock_c.o
 .riscv.attributes
                0x00000000000000f4       0x30 build/benos/sys-uart_c.o
 .riscv.attributes
                0x0000000000000124       0x2e build/benos/asm_test_s.o
 .riscv.attributes
                0x0000000000000152       0x32 build/benos/boot_s.o
 .riscv.attributes
                0x0000000000000184       0x2e build/benos/early_printk_s.o
 .riscv.attributes
                0x00000000000001b2       0x2e build/benos/memset_s.o

.debug_frame    0x0000000000000000      0x988
 .debug_frame   0x0000000000000000      0x2a8 build/benos/kernel_c.o
 .debug_frame   0x00000000000002a8       0xd0 build/benos/memset_c.o
 .debug_frame   0x0000000000000378      0x100 build/benos/printk_c.o
 .debug_frame   0x0000000000000478       0x70 build/benos/string_c.o
 .debug_frame   0x00000000000004e8      0x220 build/benos/sys-clock_c.o
 .debug_frame   0x0000000000000708      0x280 build/benos/sys-uart_c.o
