
Memory Configuration

Name             Origin             Length             Attributes
*default*        0x0000000000000000 0xffffffffffffffff

Linker script and memory map

                0x0000000000022000                . = 0x22000

.text.boot      0x0000000000022000       0x3c
 *(.text.boot)
 .text.boot     0x0000000000022000       0x3c build/benos/boot_s.o
                0x0000000000022000                _start

.text           0x0000000000022040     0x1668
 *(.text)
 .text          0x0000000000022040      0x12c build/benos/kernel_c.o
                0x0000000000022040                asm_test
                0x0000000000022148                kernel_main
 .text          0x000000000002216c      0x268 build/benos/memset_c.o
                0x0000000000022394                memset
 .text          0x00000000000223d4      0x72c build/benos/sys-clock_c.o
                0x000000000002241c                sdelay
                0x0000000000022a88                sys_clock_init
 .text          0x0000000000022b00      0x94c build/benos/sys-uart_c.o
                0x0000000000022b68                uart_init
                0x0000000000022da8                uart_send
                0x0000000000022e0c                uart_recv
                0x0000000000022e60                uart_send_string
                0x0000000000023328                sys_uart_printf
                0x0000000000023388                print_hex
 *fill*         0x000000000002344c        0x4 
 .text          0x0000000000023450      0x15c build/benos/asm_test_s.o
                0x0000000000023450                my_test_data
                0x0000000000023458                load_store_test
                0x000000000002348c                pc_related_test
                0x000000000002349c                shift_test
                0x00000000000234e4                add_sub_test
                0x0000000000023528                compare_and_return
                0x0000000000023540                sel_test
                0x0000000000023558                my_memcpy_test
                0x000000000002357c                add_test
                0x0000000000023588                branch_test
 .text          0x00000000000235ac        0x0 build/benos/boot_s.o
 .text          0x00000000000235ac       0xe4 build/benos/early_printk_s.o
                0x00000000000235ac                __init_uart
                0x0000000000023654                put_uart
                0x000000000002366c                put_string_uart
 .text          0x0000000000023690       0x18 build/benos/memset_s.o
                0x0000000000023690                __memset_16bytes_asm

.rodata         0x00000000000236a8       0x8b
 *(.rodata)
 .rodata        0x00000000000236a8       0x72 build/benos/kernel_c.o
 *fill*         0x000000000002371a        0x6 
 .rodata        0x0000000000023720       0x13 build/benos/boot_s.o
                0x0000000000023720                boot_string

.data           0x0000000000024000     0x1000
 *(.data)
 .data          0x0000000000024000        0x0 build/benos/kernel_c.o
 .data          0x0000000000024000        0x0 build/benos/memset_c.o
 .data          0x0000000000024000        0x0 build/benos/sys-clock_c.o
 .data          0x0000000000024000        0x0 build/benos/sys-uart_c.o
 .data          0x0000000000024000        0x0 build/benos/asm_test_s.o
 .data          0x0000000000024000     0x1000 build/benos/boot_s.o
                0x0000000000024000                stacks_start
 .data          0x0000000000025000        0x0 build/benos/early_printk_s.o
 .data          0x0000000000025000        0x0 build/benos/memset_s.o
                0x0000000000025000                . = ALIGN (0x8)
                0x0000000000025000                bss_begin = .

.bss            0x0000000000025000        0x0
 *(.bss*)
 .bss           0x0000000000025000        0x0 build/benos/kernel_c.o
 .bss           0x0000000000025000        0x0 build/benos/memset_c.o
 .bss           0x0000000000025000        0x0 build/benos/sys-clock_c.o
 .bss           0x0000000000025000        0x0 build/benos/sys-uart_c.o
 .bss           0x0000000000025000        0x0 build/benos/asm_test_s.o
 .bss           0x0000000000025000        0x0 build/benos/boot_s.o
 .bss           0x0000000000025000        0x0 build/benos/early_printk_s.o
 .bss           0x0000000000025000        0x0 build/benos/memset_s.o
                0x0000000000025000                bss_end = .
LOAD build/benos/kernel_c.o
LOAD build/benos/memset_c.o
LOAD build/benos/sys-clock_c.o
LOAD build/benos/sys-uart_c.o
LOAD build/benos/asm_test_s.o
LOAD build/benos/boot_s.o
LOAD build/benos/early_printk_s.o
LOAD build/benos/memset_s.o
OUTPUT(build/benos/benos.elf elf64-littleriscv)

.debug_info     0x0000000000000000      0xaf2
 .debug_info    0x0000000000000000       0xc7 build/benos/kernel_c.o
 .debug_info    0x00000000000000c7      0x24b build/benos/memset_c.o
 .debug_info    0x0000000000000312      0x25f build/benos/sys-clock_c.o
 .debug_info    0x0000000000000571      0x4c9 build/benos/sys-uart_c.o
 .debug_info    0x0000000000000a3a       0x2e build/benos/asm_test_s.o
 .debug_info    0x0000000000000a68       0x2e build/benos/boot_s.o
 .debug_info    0x0000000000000a96       0x2e build/benos/early_printk_s.o
 .debug_info    0x0000000000000ac4       0x2e build/benos/memset_s.o

.debug_abbrev   0x0000000000000000      0x42f
 .debug_abbrev  0x0000000000000000       0x6f build/benos/kernel_c.o
 .debug_abbrev  0x000000000000006f       0xfb build/benos/memset_c.o
 .debug_abbrev  0x000000000000016a      0x108 build/benos/sys-clock_c.o
 .debug_abbrev  0x0000000000000272      0x16d build/benos/sys-uart_c.o
 .debug_abbrev  0x00000000000003df       0x14 build/benos/asm_test_s.o
 .debug_abbrev  0x00000000000003f3       0x14 build/benos/boot_s.o
 .debug_abbrev  0x0000000000000407       0x14 build/benos/early_printk_s.o
 .debug_abbrev  0x000000000000041b       0x14 build/benos/memset_s.o

.debug_aranges  0x0000000000000000      0x180
 .debug_aranges
                0x0000000000000000       0x30 build/benos/kernel_c.o
 .debug_aranges
                0x0000000000000030       0x30 build/benos/memset_c.o
 .debug_aranges
                0x0000000000000060       0x30 build/benos/sys-clock_c.o
 .debug_aranges
                0x0000000000000090       0x30 build/benos/sys-uart_c.o
 .debug_aranges
                0x00000000000000c0       0x30 build/benos/asm_test_s.o
 .debug_aranges
                0x00000000000000f0       0x30 build/benos/boot_s.o
 .debug_aranges
                0x0000000000000120       0x30 build/benos/early_printk_s.o
 .debug_aranges
                0x0000000000000150       0x30 build/benos/memset_s.o

.debug_line     0x0000000000000000     0x12c6
 .debug_line    0x0000000000000000      0x119 build/benos/kernel_c.o
 .debug_line    0x0000000000000119      0x1e8 build/benos/memset_c.o
 .debug_line    0x0000000000000301      0x473 build/benos/sys-clock_c.o
 .debug_line    0x0000000000000774      0x70a build/benos/sys-uart_c.o
 .debug_line    0x0000000000000e7e      0x1f3 build/benos/asm_test_s.o
 .debug_line    0x0000000000001071       0x7f build/benos/boot_s.o
 .debug_line    0x00000000000010f0      0x179 build/benos/early_printk_s.o
 .debug_line    0x0000000000001269       0x5d build/benos/memset_s.o

.debug_str      0x0000000000000000      0x379
 .debug_str     0x0000000000000000      0x130 build/benos/kernel_c.o
                                        0x164 (size before relaxing)
 .debug_str     0x0000000000000130       0x6c build/benos/memset_c.o
                                        0x1b0 (size before relaxing)
 .debug_str     0x000000000000019c       0xab build/benos/sys-clock_c.o
                                        0x1e3 (size before relaxing)
 .debug_str     0x0000000000000247       0x9d build/benos/sys-uart_c.o
                                        0x21a (size before relaxing)
 .debug_str     0x00000000000002e4       0x6a build/benos/asm_test_s.o
 .debug_str     0x000000000000034e        0xb build/benos/boot_s.o
                                         0x66 (size before relaxing)
 .debug_str     0x0000000000000359       0x13 build/benos/early_printk_s.o
                                         0x6e (size before relaxing)
 .debug_str     0x000000000000036c        0xd build/benos/memset_s.o
                                         0x68 (size before relaxing)

.comment        0x0000000000000000       0x45
 .comment       0x0000000000000000       0x45 build/benos/kernel_c.o
                                         0x46 (size before relaxing)
 .comment       0x0000000000000045       0x46 build/benos/memset_c.o
 .comment       0x0000000000000045       0x46 build/benos/sys-clock_c.o
 .comment       0x0000000000000045       0x46 build/benos/sys-uart_c.o

.riscv.attributes
                0x0000000000000000       0x34
 .riscv.attributes
                0x0000000000000000       0x30 build/benos/kernel_c.o
 .riscv.attributes
                0x0000000000000030       0x30 build/benos/memset_c.o
 .riscv.attributes
                0x0000000000000060       0x30 build/benos/sys-clock_c.o
 .riscv.attributes
                0x0000000000000090       0x30 build/benos/sys-uart_c.o
 .riscv.attributes
                0x00000000000000c0       0x2e build/benos/asm_test_s.o
 .riscv.attributes
                0x00000000000000ee       0x32 build/benos/boot_s.o
 .riscv.attributes
                0x0000000000000120       0x2e build/benos/early_printk_s.o
 .riscv.attributes
                0x000000000000014e       0x2e build/benos/memset_s.o

.debug_frame    0x0000000000000000      0x478
 .debug_frame   0x0000000000000000       0x58 build/benos/kernel_c.o
 .debug_frame   0x0000000000000058       0xa0 build/benos/memset_c.o
 .debug_frame   0x00000000000000f8      0x1b0 build/benos/sys-clock_c.o
 .debug_frame   0x00000000000002a8      0x1d0 build/benos/sys-uart_c.o
